// Jest Snapshot v1, https://goo.gl/fbAQLP

exports[`<Layout /> expect to render the component correctly 1`] = `
<div
  styleName="Layout"
>
  <div>
    Some content
  </div>
</div>
`;
