// Jest Snapshot v1, https://goo.gl/fbAQLP

exports[`<Loader /> expect to render the component correctly 1`] = `
<div
  styleName="Loader"
>
  <div
    styleName="Loader__bounce-1"
  />
  <div
    styleName="Loader__bounce-2"
  />
</div>
`;
