// Jest Snapshot v1, https://goo.gl/fbAQLP

exports[`<FiltersMessage /> expect to render the component correctly 1`] = `
<FiltersMessageForm
  onChange={[Function]}
  visibility="all"
/>
`;
