// Jest Snapshot v1, https://goo.gl/fbAQLP

exports[`<Circle /> expect to render the component correctly 1`] = `
<button
  onClick={[Function]}
  styleName="Circle"
>
  <span>
    some content
  </span>
</button>
`;
