// Jest Snapshot v1, https://goo.gl/fbAQLP

exports[`<Group /> expect to render the component correctly 1`] = `
<div
  className="customClassName"
  styleName="Group"
>
  <span>
    some content
  </span>
</div>
`;
